{
  "id": "274761",
  "postDate": "2020-07-15T07:17:21",
  "editDate": "2020-11-11T09:05:34",
  "thumbs": 0,
  "itemCount": 10,
  "username": "duponter",
  "title": "Borrowed Board Games",
  "description": "Board Games temporarily in my possession.",
  "items": [
    {
      "id": "7765962",
      "objectType": "thing",
      "subType": "boardgame",
      "objectId": "160495",
      "objectName": "ZhanGuo",
      "username": "duponter",
      "postDate": "2020-07-15T07:16:09",
      "editDate": "2020-07-15T07:16:09",
      "thumbs": 0,
      "imageId": "2242246",
      "comments": "Forum Federatie"
    },
    {
      "id": "9153294",
      "objectType": "thing",
      "subType": "boardgame",
      "objectId": "270673",
      "objectName": "Silver \u0026 Gold",
      "username": "duponter",
      "postDate": "2022-08-26T19:39:49",
      "editDate": "2022-08-26T19:39:49",
      "thumbs": 0,
      "imageId": "6974604",
      "comments": "Forum Mortsel"
    },
    {
      "id": "9153298",
      "objectType": "thing",
      "subType": "boardgame",
      "objectId": "300531",
      "objectName": "Paleo",
      "username": "duponter",
      "postDate": "2022-08-26T19:40:06",
      "editDate": "2022-08-26T19:40:06",
      "thumbs": 0,
      "imageId": "6039256",
      "comments": "Forum Mortsel"
    },
    {
      "id": "9153300",
      "objectType": "thing",
      "subType": "boardgame",
      "objectId": "43570",
      "objectName": "Friday",
      "username": "duponter",
      "postDate": "2022-08-26T19:40:23",
      "editDate": "2022-08-26T19:40:23",
      "thumbs": 0,
      "imageId": "1513328",
      "comments": "Forum Mortsel"
    },
    {
      "id": "9265058",
      "objectType": "thing",
      "subType": "boardgame",
      "objectId": "339906",
      "objectName": "The Hunger",
      "username": "duponter",
      "postDate": "2022-10-09T20:47:12",
      "editDate": "2022-10-09T20:47:12",
      "thumbs": 0,
      "imageId": "6218039",
      "comments": "Forum Mortsel"
    },
    {
      "id": "9265061",
      "objectType": "thing",
      "subType": "boardgame",
      "objectId": "346965",
      "objectName": "Azul: Queen\u0027s Garden",
      "username": "duponter",
      "postDate": "2022-10-09T20:47:34",
      "editDate": "2022-10-09T20:47:34",
      "thumbs": 0,
      "imageId": "6389125",
      "comments": "Forum Mortsel"
    },
    {
      "id": "9293548",
      "objectType": "thing",
      "subType": "boardgame",
      "objectId": "284378",
      "objectName": "Kanban EV",
      "username": "duponter",
      "postDate": "2022-10-24T10:56:12",
      "editDate": "2022-10-24T10:56:12",
      "thumbs": 0,
      "imageId": "4924232",
      "comments": "Bart"
    },
    {
      "id": "9302273",
      "objectType": "company",
      "subType": "boardgamepublisher",
      "objectId": "597",
      "objectName": "Eagle-Gryphon Games",
      "username": "duponter",
      "postDate": "2022-10-28T16:13:41",
      "editDate": "2022-10-28T16:14",
      "thumbs": 0,
      "imageId": "4031835",
      "comments": "Publisher as an example"
    },
    {
      "id": "9302277",
      "objectType": "person",
      "subType": "boardgamedesigner",
      "objectId": "11767",
      "objectName": "Alexander Pfister",
      "username": "duponter",
      "postDate": "2022-10-28T16:14:25",
      "editDate": "2022-10-28T16:14:25",
      "thumbs": 0,
      "imageId": "1079358",
      "comments": "Designer as an example"
    },
    {
      "id": "9302280",
      "objectType": "person",
      "subType": "boardgameartist",
      "objectId": "70533",
      "objectName": "Mihajlo Dimitrievski",
      "username": "duponter",
      "postDate": "2022-10-28T16:14:45",
      "editDate": "2022-10-28T16:14:45",
      "thumbs": 0,
      "imageId": "1774562",
      "comments": "Artist as an example"
    }
  ]
}
